Invalid position or conflicting with another ship. Try again.
  A B C D E F G H I J
1 ~ X X X X X X X X X
2 ~ X X X X X X X X X
3 ~ ~ X X X X X X X X
4 ~ ~ X X X X X X X X
5 X ~ X X X X X X X X
6 X ~ X X X X X X X X
7 X ~ X X X X X X X X
8 X X X X X X X X X X
9 X X X X X X X X X X
10 X X X X X X X X X X
Enter coordinate for a 3-cell ship (e.g., B3): B2
Vertical or horizontal? horizontal
Invalid position or conflicting with another ship. Try again.
  A B C D E F G H I J
1 ~ X X X X X X X X X
2 ~ X X X X X X X X X
3 ~ ~ X X X X X X X X
4 ~ ~ X X X X X X X X
5 X ~ X X X X X X X X
6 X ~ X X X X X X X X
7 X ~ X X X X X X X X
8 X X X X X X X X X X
9 X X X X X X X X X X
10 X X X X X X X X X X
Enter coordinate for a 3-cell ship (e.g., B3): Vertical or horizontal?